// Jest Snapshot v1, https://goo.gl/fbAQLP

exports[`Landing page should render correctly on load 1`] = `ShallowWrapper {}`;
